// Jest Snapshot v1, https://goo.gl/fbAQLP

exports[`validation error should override toJSON 1`] = `"{\\"message\\":\\"Something has gone terribly wrong\\",\\"validatorInput\\":{\\"id\\":1,\\"title\\":\\"hello world\\"},\\"validatorResult\\":{\\"validationErrors\\":[{\\"error\\":\\"some error\\",\\"description\\":\\"some description\\"}]}}"`;
