// Jest Snapshot v1, https://goo.gl/fbAQLP

exports[`Confirmation should build valid runner Confirmation 1`] = `
Confirmation {
  "blocks": Array [
    Object {
      "description": "",
      "id": "confirmation",
      "questions": Array [
        Object {
          "guidance": Object {
            "content": Array [
              Object {
                "list": Array [
                  "You will not be able to access or change your answers on submitting the questionnaire",
                  "If you wish to review your answers please select the relevant completed sections",
                ],
              },
            ],
          },
          "id": "ready-to-submit-completed-question",
          "title": "Submission",
          "type": "Content",
        },
      ],
      "title": "You are now ready to submit this survey",
      "type": "Confirmation",
    },
  ],
  "id": "confirmation-group",
  "title": "confirmation",
}
`;
